C51 COMPILER V9.60.0.0   DELAYS_FUNCTIONS                                                  11/08/2020 16:53:56 PAGE 1   


C51 COMPILER V9.60.0.0, COMPILATION OF MODULE DELAYS_FUNCTIONS
OBJECT MODULE PLACED IN .\Objects\Delays_Functions.obj
COMPILER INVOKED BY: C:\Keil_v5\C51\BIN\C51.EXE Delays_Functions.c ROM(COMPACT) OPTIMIZE(8,SPEED) BROWSE DEBUG OBJECTEXT
                    -END PRINT(.\Listings\Delays_Functions.lst) TABS(2) OBJECT(.\Objects\Delays_Functions.obj)

line level    source

   1          #include <reg52.h>
   2          #include "Delays_Functions.h"
   3          #include <intrins.h>
   4          
   5          void Delay_ms_servo(unsigned int us)
   6          {
   7   1        while(us--)
   8   1        {
   9   2          _nop_();
  10   2        }
  11   1      }
  12          
  13          
  14          void Delay_ms(unsigned int ms)
  15          {
  16   1        unsigned long int us = ms*1000;
  17   1        while(us--)
  18   1        {
  19   2          _nop_();
  20   2        }
  21   1      }
  22          
  23          
  24          
  25          void Delay_us()
  26          {
  27   1        TL0=0xF5;
  28   1        TH0=0xFF;
  29   1        TR0=1;
  30   1        while (TF0==0);
  31   1        TR0=0;
  32   1        TF0=0;
  33   1      }


MODULE INFORMATION:   STATIC OVERLAYABLE
   CODE SIZE        =     63    ----
   CONSTANT SIZE    =   ----    ----
   XDATA SIZE       =   ----    ----
   PDATA SIZE       =   ----    ----
   DATA SIZE        =   ----       4
   IDATA SIZE       =   ----    ----
   BIT SIZE         =   ----    ----
END OF MODULE INFORMATION.


C51 COMPILATION COMPLETE.  0 WARNING(S),  0 ERROR(S)
